yarn run v1.22.10
$ hardhat test
No need to generate any newer typings.


  Factory Contract
Deploying TimeSwap Factory with fee: 22489 and protocolFee: 14548
    ✓ Set Owner and accept owner from another account
Deploying TimeSwap Factory with fee: 33382 and protocolFee: 33601
    ✓ Setting New Owner from non-owner account: Reverted
Deploying TimeSwap Factory with fee: 47805 and protocolFee: 48914
    ✓ Setting New Owner to ZeroAddress: Reverted
Deploying TimeSwap Factory with fee: 24003 and protocolFee: 27652
    ✓ Accept owner from third account: Reverted

  
Deploying TimeSwap Factory with default fee and default protocolFee
    ✓ Deploying factory with zero address: Reverted

  
Deploying TimeSwap Factory with fee: uint16 (edgecase)
    ✓ Deploying factory with fee greater than uint16: Reverted

  
Deploying TimeSwap Factory with protocolfee: uint16 (edgecase)
    ✓ Deploying factory with protocolfee greater than uint16: Reverted

  
Deploying TimeSwap Factory with negative fee (edgecase)
    ✓ Deploying factory with negative fee: Reverted

  
Deploying TimeSwap Factory with negative protocolfee (edgecase)
    ✓ Deploying factory with negative protocolfee: Reverted

  
Deploying factory with 0 fee
    ✓ Deploying factory with 0 fee

  
Deploying factory with 0 protocol fee
    ✓ Deploying factory with 0 protocol fee (39ms)

  Borrow
    ✓ 1.1

  Burn
    ✓ 2.1

  Lend
    ✓ 3.1

  Mint
    ✓ 4.1

  Mint
    ✓ 5.1

  Deploying Pair Contract
    ✓ Creat pair deploys a pair contract
    ✓ Create pair with same collateral and asset address: Reverted
    ✓ Create pair with same collateral or asset as zero address: Reverted
    ✓ Create pair twice: Reverted

  Pay
    ✓ 6.1

  Withdraw
    ✓ 7.1

  
Checking for Borrow Test Case 1
Borrow Test Case number: 1 expected to succeed
Testing for Borrow Success Case 1
Should have correct reserves
Should have correct state
Should have correct total liquidity
Should have correct liquidity of
Should have correct total debt
Should have correct total claims
Should have correct claims of
Should have correct dues of
    ✓ 1.2

  
Checking for Borrow Test Case 2
Ignored due to wrong miniting parameters
    ✓ 1.2

  
Checking for Borrow Test Case 3
Borrow Test Case number: 3 expected to succeed
    ✓ 1.2

  
Checking for Borrow Test Case 4
Borrow Test Case number: 4 expected to succeed
    ✓ 1.2

  
Checking for Borrow Test Case 5
Borrow Test Case number: 5 expected to succeed
    ✓ 1.2

  
Checking for Borrow Test Case 6
Borrow Test Case number: 6 expected to succeed
Testing for Borrow Success Case 2
Should have correct reserves
Should have correct state
Should have correct total liquidity
Should have correct liquidity of
Should have correct total debt
Should have correct total claims
Should have correct claims of
Should have correct dues of
    ✓ 1.2

  
Checking for Borrow Test Case 7
Ignored due to wrong miniting parameters
    ✓ 1.2

  
Checking for Borrow Test Case 8
Ignored due to wrong miniting parameters
    ✓ 1.2

  
Checking for Borrow Test Case 9
Borrow Test Case number: 9 expected to succeed
Testing for Borrow Success Case 3
Should have correct reserves
Should have correct state
Should have correct total liquidity
Should have correct liquidity of
Should have correct total debt
Should have correct total claims
Should have correct claims of
Should have correct dues of
    ✓ 1.2

  
Checking for Borrow Test Case 10
Ignored due to wrong miniting parameters
    ✓ 1.2

  
Checking for Burn Test Case 1
Ignored due to wrong miniting parameters
    ✓ 2.2

  
Checking for Burn Test Case 2
Testing for Burn Success Case: 1
Should have correct reserves
Should have correct state
Should have correct total liquidity
Should have correct liquidity of
Should have correct total debt
Should have correct total claims
Should have correct claims of
Should have correct dues of
    ✓ 2.2

  
Checking for Burn Test Case 3
Ignored due to wrong miniting parameters
    ✓ 2.2

  
Checking for Burn Test Case 4
Testing for Burn Success Case: 2
Should have correct reserves
Should have correct state
Should have correct total liquidity
Should have correct liquidity of
Should have correct total debt
Should have correct total claims
Should have correct claims of
Should have correct dues of
    ✓ 2.2

  
Checking for Burn Test Case 5
Testing for Burn Success Case: 3
Should have correct reserves
Should have correct state
Should have correct total liquidity
Should have correct liquidity of
Should have correct total debt
Should have correct total claims
Should have correct claims of
Should have correct dues of
    ✓ 2.2

  
Checking for Burn Test Case 6
Ignored due to wrong miniting parameters
    ✓ 2.2

  
Checking for Burn Test Case 7
Testing for Burn Success Case: 4
Should have correct reserves
Should have correct state
Should have correct total liquidity
Should have correct liquidity of
Should have correct total debt
Should have correct total claims
Should have correct claims of
Should have correct dues of
    ✓ 2.2

  
Checking for Burn Test Case 8
Ignored due to wrong miniting parameters
    ✓ 2.2

  
Checking for Burn Test Case 9
Ignored due to wrong miniting parameters
    ✓ 2.2

  
Checking for Burn Test Case 10
Testing for Burn Success Case: 5
Should have correct reserves
Should have correct state
Should have correct total liquidity
Should have correct liquidity of
Should have correct total debt
Should have correct total claims
Should have correct claims of
Should have correct dues of
    ✓ 2.2

  
Checking for Lend Test Case 1
Ignored due to wrong miniting parameters
    ✓ 3.2

  
Checking for Lend Test Case 2
Ignored due to wrong miniting parameters
    ✓ 3.2

  
Checking for Lend Test Case 3
Lend Test Case number: 3 expected to succeed
Testing for Lend Success Case: 1
Should have correct reserves
Should have correct state
Should have correct total liquidity
Should have correct liquidity of
Should have correct total debt
Should have correct total claims
Should have correct claims of
Should have correct dues of
    ✓ 3.2

  
Checking for Lend Test Case 4
Ignored due to wrong miniting parameters
    ✓ 3.2

  
Checking for Lend Test Case 5
Ignored due to wrong miniting parameters
    ✓ 3.2

  
Checking for Lend Test Case 6
Ignored due to wrong miniting parameters
    ✓ 3.2

  
Checking for Lend Test Case 7
Ignored due to wrong miniting parameters
    ✓ 3.2

  
Checking for Lend Test Case 8
Ignored due to wrong miniting parameters
    ✓ 3.2

  
Checking for Lend Test Case 9
Ignored due to wrong miniting parameters
    ✓ 3.2

  
Checking for Lend Test Case 10
Lend Test Case number: 10 expected to succeed
Testing for Lend Success Case: 2
Should have correct reserves
Should have correct state
Should have correct total liquidity
Should have correct liquidity of
Should have correct total debt
Should have correct total claims
Should have correct claims of
Should have correct dues of
    ✓ 3.2

  
Checking for Mint Test Case 1
Case number: 1 expected to succeed
Testing for Mint Success Case 1
Should have correct reserves
Should have correct state
Should have correct total liquidity
Should have correct liquidity of
Should have correct total debt
Should have correct total claims
Should have correct claims of
Should have correct dues of
    ✓ 4.2

  
Checking for Mint Test Case 2
Case number: 2 expected to fail
Total Failure Cases = 1
    ✓ 4.2

  
Checking for Mint Test Case 3
Case number: 3 expected to succeed
Testing for Mint Success Case 2
Should have correct reserves
Should have correct state
Should have correct total liquidity
Should have correct liquidity of
Should have correct total debt
Should have correct total claims
Should have correct claims of
Should have correct dues of
    ✓ 4.2

  
Checking for Mint Test Case 4
Case number: 4 expected to fail
Total Failure Cases = 2
    ✓ 4.2

  
Checking for Mint Test Case 5
Case number: 5 expected to fail
Total Failure Cases = 3
    ✓ 4.2

  
Checking for Mint Test Case 6
Case number: 6 expected to fail
Total Failure Cases = 4
    ✓ 4.2

  
Checking for Mint Test Case 7
Case number: 7 expected to fail
Total Failure Cases = 5
    ✓ 4.2

  
Checking for Mint Test Case 8
Case number: 8 expected to fail
Total Failure Cases = 6
    ✓ 4.2

  
Checking for Mint Test Case 9
Case number: 9 expected to succeed
Testing for Mint Success Case 3
Should have correct reserves
Should have correct state
Should have correct total liquidity
Should have correct liquidity of
Should have correct total debt
Should have correct total claims
Should have correct claims of
Should have correct dues of
    ✓ 4.2

  
Checking for Mint Test Case 10
Case number: 10 expected to succeed
Testing for Mint Success Case 4
Should have correct reserves
Should have correct state
Should have correct total liquidity
Should have correct liquidity of
Should have correct total debt
Should have correct total claims
Should have correct claims of
Should have correct dues of
    ✓ 4.2

  
Checking for Multiple Mint Test Case 1
Case number: 1 expected to succeed
Testing for Mint Success Case 1
Should have correct reserves
Should have correct state
Should have correct total liquidity
Should have correct liquidity of
Should have correct total debt
Should have correct total claims
Should have correct claims of
Should have correct dues of
    ✓ 5.2

  
Checking for Multiple Mint Test Case 2
Case number: 2 ignored due to wrong mint parameters
    ✓ 5.2

  
Checking for Multiple Mint Test Case 3
Case number: 3 ignored due to wrong mint parameters
    ✓ 5.2

  
Checking for Multiple Mint Test Case 4
Case number: 4 ignored due to wrong mint parameters
    ✓ 5.2

  
Checking for Multiple Mint Test Case 5
Case number: 5 expected to fail at second mint
Total Failure Cases = 1
    ✓ 5.2

  
Checking for Multiple Mint Test Case 6
Case number: 6 ignored due to wrong mint parameters
    ✓ 5.2

  
Checking for Multiple Mint Test Case 7
Case number: 7 ignored due to wrong mint parameters
    ✓ 5.2

  
Checking for Multiple Mint Test Case 8
Case number: 8 expected to fail at second mint
Total Failure Cases = 2
    ✓ 5.2

  
Checking for Multiple Mint Test Case 9
Case number: 9 ignored due to wrong mint parameters
    ✓ 5.2

  
Checking for Multiple Mint Test Case 10
Case number: 10 expected to fail at second mint
Total Failure Cases = 3
    ✓ 5.2

  
Checking for Pay Test Case 1
Should have correct reserves
Should have correct state
Should have correct total liquidity
Should have correct liquidity of
Should have correct total debt
Should have correct total claims
Should have correct claims of
Should have correct dues of
    ✓ 6.2

  
Checking for Pay Test Case 1
Should have correct reserves
Should have correct state
Should have correct total liquidity
Should have correct liquidity of
Should have correct total debt
Should have correct total claims
Should have correct claims of
Should have correct dues of
    ✓ 6.2

  
Checking for Pay Test Case 1
Should have correct reserves
Should have correct state
Should have correct total liquidity
Should have correct liquidity of
Should have correct total debt
Should have correct total claims
Should have correct claims of
Should have correct dues of
    ✓ 6.2

  
Checking for Withdraw Test Case 1
Ignored due to wrong miniting parameters
    ✓ 7.2

  
Checking for Withdraw Test Case 2
Ignored due to wrong miniting parameters
    ✓ 7.2

  
Checking for Withdraw Test Case 3
Ignored due to wrong miniting parameters
    ✓ 7.2

  
Checking for Withdraw Test Case 4
Ignored due to wrong miniting parameters
    ✓ 7.2

  
Checking for Withdraw Test Case 5
Ignored due to wrong miniting parameters
    ✓ 7.2

  
Testing for Mint Failure Case: 1
Transaction expected to revert
Transaction reverted
    ✓ 4.3

  
Testing for Mint Failure Case: 2
Transaction expected to revert
Transaction reverted
    ✓ 4.3

  
Testing for Mint Failure Case: 3
Transaction expected to revert
Transaction reverted
    ✓ 4.3

  
Testing for Mint Failure Case: 4
Transaction expected to revert
Transaction reverted
    ✓ 4.3

  
Testing for Mint Failure Case: 5
Transaction expected to revert
Transaction reverted
    ✓ 4.3

  
Testing for Mint Failure Case: 6
Transaction expected to revert
Transaction reverted
    ✓ 4.3

  
Testing for Multiple Mint Failure Case: 1
Transaction expected to revert
Transaction reverted
    ✓ 5.3

  
Testing for Multiple Mint Failure Case: 2
Transaction expected to revert
Transaction reverted
    ✓ 5.3

  
Testing for Multiple Mint Failure Case: 3
Transaction expected to revert
Transaction reverted
    ✓ 5.3


  89 passing (10s)

Failed to generate 10 stack traces. Run Hardhat with --verbose to learn more.
Done in 13.61s.
